// Jest Snapshot v1, https://goo.gl/fbAQLP

exports[`index page tests should render UI correctly 1`] = `
<DocumentFragment>
  <div
    class=""
  >
    <div
      class="bg-violet-500 h-[100px] flex flex-col  items-center justify-evenly text-black font-mono font-black "
    >
      <h1
        class="text-3xl sm:text-4xl xl:text-5xl font-extrabold"
      >
        EXPENSE TRACKER
      </h1>
      <div
        class="flex flex-row gap-x-4 xl:gap-x-8 sm:gap-x-6"
      >
        <button
          class="bg-slate-100 rounded-xl border-none xl:w-[100px] sm:w-[80px] w-[60px]"
        >
          <span
            class="text-sm sm:text-lg xl:text-2xl"
          >
            HOME
          </span>
        </button>
        <button
          class="bg-slate-100 rounded-xl border-none xl:w-[100px] sm:w-[80px] w-[60px]"
        >
          <span
            class="text-sm sm:text-lg xl:text-2xl"
          >
            CREATE
          </span>
        </button>
      </div>
    </div>
  </div>
  <div>
    <div
      class="exp-4 bg-gray-800 my-8 mx-auto rounded-xl shadow-smpenses"
    >
      <div
        class=" py-4	px-4 bg-violet-400"
      >
        <div
          class="flex w-full	items-center justify-between my-4	mx-0"
        >
          <label
            class="font-bold text-white mb-2"
          >
            Filter by year
          </label>
          <select
            class="px-12 py-2 font-bold rounded-md"
          >
            <option
              value="2023"
            >
              2023
            </option>
            <option
              value="2022"
            >
              2022
            </option>
            <option
              value="2021"
            >
              2021
            </option>
            <option
              value="2020"
            >
              2020
            </option>
            <option
              value="2019"
            >
              2019
            </option>
            <option
              value="2018"
            >
              2018
            </option>
          </select>
          <button
            class="text-base font-bold text-white bg-violet-800 border-solid border border-white p-2 rounded-xl"
          >
            Filter
          </button>
        </div>
      </div>
      <br />
    </div>
  </div>
</DocumentFragment>
`;
